

================================================================
== Vivado HLS Report for 'running_threshold'
================================================================
* Date:           Tue May 09 00:01:19 2017

* Version:        2015.4 (Build 1412921 on Wed Nov 18 09:58:55 AM 2015)
* Project:        running_threshold
* Solution:       solution1
* Product family: zynq
* Target device:  xc7z020clg484-1


================================================================
== Performance Estimates
================================================================
+ Timing (ns): 
    * Summary: 
    +--------+-------+----------+------------+
    |  Clock | Target| Estimated| Uncertainty|
    +--------+-------+----------+------------+
    |ap_clk  |   5.00|      4.35|        0.63|
    +--------+-------+----------+------------+

+ Latency (clock cycles): 
    * Summary: 
    +---------+---------+---------+---------+---------+
    |      Latency      |      Interval     | Pipeline|
    |   min   |   max   |   min   |   max   |   Type  |
    +---------+---------+---------+---------+---------+
    |  1080043|  1080043|  1080044|  1080044|   none  |
    +---------+---------+---------+---------+---------+

    + Detail: 
        * Instance: 
        N/A

        * Loop: 
        +----------+---------+---------+----------+-----------+-----------+--------+----------+
        |          |      Latency      | Iteration|  Initiation Interval  |  Trip  |          |
        | Loop Name|   min   |   max   |  Latency |  achieved |   target  |  Count | Pipelined|
        +----------+---------+---------+----------+-----------+-----------+--------+----------+
        |- Loop 1  |  1080001|  1080001|        11|          9|          1|  120000|    yes   |
        +----------+---------+---------+----------+-----------+-----------+--------+----------+



================================================================
== Utilization Estimates
================================================================
* Summary: 
+-----------------+---------+-------+--------+-------+
|       Name      | BRAM_18K| DSP48E|   FF   |  LUT  |
+-----------------+---------+-------+--------+-------+
|DSP              |        -|      -|       -|      -|
|Expression       |        -|      -|       0|     24|
|FIFO             |        -|      -|       -|      -|
|Instance         |        -|      5|    1911|   1775|
|Memory           |        -|      -|       -|      -|
|Multiplexer      |        -|      -|       -|    226|
|Register         |        -|      -|     217|      -|
+-----------------+---------+-------+--------+-------+
|Total            |        0|      5|    2128|   2025|
+-----------------+---------+-------+--------+-------+
|Available        |      280|    220|  106400|  53200|
+-----------------+---------+-------+--------+-------+
|Utilization (%)  |        0|      2|       2|      3|
+-----------------+---------+-------+--------+-------+

+ Detail: 
    * Instance: 
    +---------------------------------------------------+------------------------------------------------+---------+-------+------+------+
    |                      Instance                     |                     Module                     | BRAM_18K| DSP48E|  FF  |  LUT |
    +---------------------------------------------------+------------------------------------------------+---------+-------+------+------+
    |running_threshold_fadd_32ns_32ns_32_9_full_dsp_U0  |running_threshold_fadd_32ns_32ns_32_9_full_dsp  |        0|      2|   324|   424|
    |running_threshold_fdiv_32ns_32ns_32_30_U2          |running_threshold_fdiv_32ns_32ns_32_30          |        0|      0|  1436|  1026|
    |running_threshold_fmul_32ns_32ns_32_5_max_dsp_U1   |running_threshold_fmul_32ns_32ns_32_5_max_dsp   |        0|      3|   151|   325|
    +---------------------------------------------------+------------------------------------------------+---------+-------+------+------+
    |Total                                              |                                                |        0|      5|  1911|  1775|
    +---------------------------------------------------+------------------------------------------------+---------+-------+------+------+

    * DSP48: 
    N/A

    * Memory: 
    N/A

    * FIFO: 
    N/A

    * Expression: 
    +--------------------+----------+-------+---+----+------------+------------+
    |    Variable Name   | Operation| DSP48E| FF| LUT| Bitwidth P0| Bitwidth P1|
    +--------------------+----------+-------+---+----+------------+------------+
    |i_1_fu_131_p2       |     +    |      0|  0|  17|          17|           1|
    |ap_sig_bdd_134      |    and   |      0|  0|   1|           1|           1|
    |exitcond_fu_125_p2  |   icmp   |      0|  0|   6|          17|          15|
    +--------------------+----------+-------+---+----+------------+------------+
    |Total               |          |      0|  0|  24|          35|          17|
    +--------------------+----------+-------+---+----+------------+------------+

    * Multiplexer: 
    +----------------+----+-----------+-----+-----------+
    |      Name      | LUT| Input Size| Bits| Total Bits|
    +----------------+----+-----------+-----+-----------+
    |ap_NS_fsm       |  96|         52|    1|         52|
    |grp_fu_107_p0   |  32|          3|   32|         96|
    |grp_fu_107_p1   |  32|          3|   32|         96|
    |i_phi_fu_95_p4  |  17|          2|   17|         34|
    |i_reg_91        |  17|          2|   17|         34|
    |mean_reg_79     |  32|          2|   32|         64|
    +----------------+----+-----------+-----+-----------+
    |Total           | 226|         64|  131|        376|
    +----------------+----+-----------+-----+-----------+

    * Register: 
    +---------------------------------------+----+----+-----+-----------+
    |                  Name                 | FF | LUT| Bits| Const Bits|
    +---------------------------------------+----+----+-----+-----------+
    |ap_CS_fsm                              |  51|   0|   51|          0|
    |ap_reg_ppiten_pp0_it0                  |   1|   0|    1|          0|
    |ap_reg_ppiten_pp0_it1                  |   1|   0|    1|          0|
    |ap_reg_ppstg_exitcond_reg_137_pp0_it1  |   1|   0|    1|          0|
    |exitcond_reg_137                       |   1|   0|    1|          0|
    |i_1_reg_141                            |  17|   0|   17|          0|
    |i_reg_91                               |  17|   0|   17|          0|
    |mean_reg_79                            |  32|   0|   32|          0|
    |reg_119                                |  32|   0|   32|          0|
    |tmp_1_reg_156                          |  32|   0|   32|          0|
    |tmp_3_reg_146                          |  32|   0|   32|          0|
    +---------------------------------------+----+----+-----+-----------+
    |Total                                  | 217|   0|  217|          0|
    +---------------------------------------+----+----+-----+-----------+



================================================================
== Interface
================================================================
* Summary: 
+---------------------+-----+-----+------------+-------------------+--------------+
|      RTL Ports      | Dir | Bits|  Protocol  |   Source Object   |    C Type    |
+---------------------+-----+-----+------------+-------------------+--------------+
|ap_clk               |  in |    1| ap_ctrl_hs | running_threshold | return value |
|ap_rst               |  in |    1| ap_ctrl_hs | running_threshold | return value |
|ap_start             |  in |    1| ap_ctrl_hs | running_threshold | return value |
|ap_done              | out |    1| ap_ctrl_hs | running_threshold | return value |
|ap_idle              | out |    1| ap_ctrl_hs | running_threshold | return value |
|ap_ready             | out |    1| ap_ctrl_hs | running_threshold | return value |
|amplitude_V_dout     |  in |   32|   ap_fifo  |    amplitude_V    |    pointer   |
|amplitude_V_empty_n  |  in |    1|   ap_fifo  |    amplitude_V    |    pointer   |
|amplitude_V_read     | out |    1|   ap_fifo  |    amplitude_V    |    pointer   |
|threshold_V_din      | out |   32|   ap_fifo  |    threshold_V    |    pointer   |
|threshold_V_full_n   |  in |    1|   ap_fifo  |    threshold_V    |    pointer   |
|threshold_V_write    | out |    1|   ap_fifo  |    threshold_V    |    pointer   |
+---------------------+-----+-----+------------+-------------------+--------------+

